[2026-09-22 01:10:15.032] [jointLog] [info] setting maxHashResizeThreads to 2
[2026-09-22 01:10:15.032] [jointLog] [info] Fragment incompatibility prior below threshold.  Incompatible fragments will be ignored.
[2026-09-22 01:10:15.032] [jointLog] [info] Usage of --validateMappings implies use of minScoreFraction. Since not explicitly specified, it is being set to 0.65
[2026-09-22 01:10:15.032] [jointLog] [info] Setting consensusSlack to selective-alignment default of 0.35.
[2026-09-22 01:10:15.032] [jointLog] [info] parsing read library format
[2026-09-22 01:10:15.033] [jointLog] [info] There is 1 library.
[2026-09-22 01:10:15.049] [jointLog] [info] Loading pufferfish index
[2026-09-22 01:10:15.054] [jointLog] [info] Loading pufferfish index.
[2026-09-22 01:10:55.473] [jointLog] [info] done
[2026-09-22 01:10:55.589] [jointLog] [info] Index contained 56930 targets
[2026-09-22 01:10:55.739] [jointLog] [info] Number of decoys : 20
[2026-09-22 01:10:55.740] [jointLog] [info] First decoy index : 56910 
[2026-09-22 01:16:31.201] [jointLog] [info] Computed 53,710 rich equivalence classes for further processing
[2026-09-22 01:16:31.201] [jointLog] [info] Counted 11,283,224 total reads in the equivalence classes 
[2026-09-22 01:16:31.202] [fileLog] [info] 
At end of round 0
==================
Observed 12724462 total fragments (12724462 in most recent round)

[2026-09-22 01:16:31.203] [jointLog] [info] Number of mappings discarded because of alignment score : 13,416,854
[2026-09-22 01:16:31.203] [jointLog] [info] Number of fragments entirely discarded because of alignment score : 1,200,797
[2026-09-22 01:16:31.203] [jointLog] [info] Number of fragments discarded because they are best-mapped to decoys : 963,347
[2026-09-22 01:16:31.203] [jointLog] [info] Number of fragments discarded because they have only dovetail (discordant) mappings to valid targets : 0
[2026-09-22 01:16:31.204] [jointLog] [info] Mapping rate = 88.6735%
[2026-09-22 01:16:31.204] [jointLog] [info] finished quantifyLibrary()
[2026-09-22 01:16:31.210] [jointLog] [info] Starting optimizer
[2026-09-22 01:16:31.247] [jointLog] [info] Marked 0 weighted equivalence classes as degenerate
[2026-09-22 01:16:31.253] [jointLog] [info] iteration = 0 | max rel diff. = 9383.44027499382
[2026-09-22 01:16:31.283] [jointLog] [info] iteration 11, adjusting effective lengths to account for biases
[2026-09-22 01:16:32.941] [jointLog] [info] Computed expected counts (for bias correction)
[2026-09-22 01:16:32.948] [jointLog] [info] processed bias for 0.0% of the transcripts
[2026-09-22 01:16:33.452] [jointLog] [info] processed bias for 10.0% of the transcripts
[2026-09-22 01:16:33.923] [jointLog] [info] processed bias for 20.0% of the transcripts
[2026-09-22 01:16:34.347] [jointLog] [info] processed bias for 30.0% of the transcripts
[2026-09-22 01:16:34.847] [jointLog] [info] processed bias for 40.0% of the transcripts
[2026-09-22 01:16:35.357] [jointLog] [info] processed bias for 50.0% of the transcripts
[2026-09-22 01:16:35.804] [jointLog] [info] processed bias for 60.0% of the transcripts
[2026-09-22 01:16:36.308] [jointLog] [info] processed bias for 70.0% of the transcripts
[2026-09-22 01:16:36.848] [jointLog] [info] processed bias for 80.0% of the transcripts
[2026-09-22 01:16:37.360] [jointLog] [info] processed bias for 90.0% of the transcripts
[2026-09-22 01:16:37.823] [jointLog] [info] processed bias for 100.0% of the transcripts
[2026-09-22 01:16:38.116] [jointLog] [info] iteration = 100 | max rel diff. = 9.817758809298208
[2026-09-22 01:16:38.428] [jointLog] [info] iteration = 200 | max rel diff. = 0.3594009670980577
[2026-09-22 01:16:38.737] [jointLog] [info] iteration = 300 | max rel diff. = 0.2481543104380487
[2026-09-22 01:16:39.053] [jointLog] [info] iteration = 400 | max rel diff. = 0.025797388149949082
[2026-09-22 01:16:39.370] [jointLog] [info] iteration = 500 | max rel diff. = 0.673764033165149
[2026-09-22 01:16:39.681] [jointLog] [info] iteration = 600 | max rel diff. = 0.04636808625739516
[2026-09-22 01:16:39.997] [jointLog] [info] iteration = 700 | max rel diff. = 0.754196166261973
[2026-09-22 01:16:40.004] [jointLog] [info] iteration = 703 | max rel diff. = 0.0027437489577729
[2026-09-22 01:16:40.006] [jointLog] [info] Finished optimizer
[2026-09-22 01:16:40.006] [jointLog] [info] writing output 

[2026-09-22 01:16:40.563] [jointLog] [info] writing equivalence class counts.
[2026-09-22 01:16:40.568] [jointLog] [info] Collapsing factorization information into simplified equivalence classes.
[2026-09-22 01:16:40.582] [jointLog] [info] done.
[2026-09-22 01:16:40.631] [jointLog] [info] done writing equivalence class counts.
